exports[`test stateless-inline-imports 1`] = `
"\'use strict\';

var _react = require(\'react\');

var _react2 = _interopRequireDefault(_react);

function _interopRequireDefault(obj) { return obj && obj.__esModule ? obj : { default: obj }; }

var babelPluginFlowReactPropTypes_proptype_T = require(\'../types\').babelPluginFlowReactPropTypes_proptype_T || require(\'react\').PropTypes.any;

var C = function C(props) {
  _react2.default.createElement(
    \'div\',
    null,
    props.name
  );
};
C.propTypes = babelPluginFlowReactPropTypes_proptype_T;"
`;
